// Jest Snapshot v1, https://goo.gl/fbAQLP

exports[`Given a Dashboard function When we invoke Dashboard function Then the render should match its snaptshot 1`] = `
Array [
  <HeaderMocked
    navigation={
      Object {
        "navigate": [MockFunction],
      }
    }
  />,
  <CategoriesMocked />,
  <Text
    style={
      Object {
        "color": "#2F2C23",
        "fontFamily": "MontserratMedium",
        "fontSize": 14,
        "marginVertical": 10,
        "paddingLeft": 14,
      }
    }
  >
    LATEST PRODUCTS UPLOADED
  </Text>,
  <View
    style={
      Array [
        Object {
          "alignItems": "center",
          "flex": 1,
          "height": "100%",
          "justifyContent": "center",
          "padding": 25,
          "width": "100%",
        },
        Object {
          "padding": 10,
        },
        Object {
          "backgroundColor": "#f7f7f7",
        },
      ]
    }
  >
    <LoadingMocked />
    <View
      style={
        Object {
          "flex": 1,
          "flexDirection": "row",
          "justifyContent": "space-between",
        }
      }
    />
  </View>,
]
`;
