// Jest Snapshot v1, https://goo.gl/fbAQLP

exports[`Given a Detail function When Purchase Product button has been pressed with no CC or adress Then buyProduct function must be invoked 1`] = `
<View
  style={
    Array [
      Object {
        "alignItems": "center",
        "flex": 1,
        "height": "100%",
        "justifyContent": "center",
        "padding": 25,
        "width": "100%",
      },
      Object {
        "backgroundColor": "#f7f7f7",
      },
    ]
  }
>
  <View
    style={
      Object {
        "alignItems": "center",
        "height": "100%",
        "justifyContent": "space-between",
        "padding": 50,
        "width": "100%",
      }
    }
  >
    <Text
      style={
        Object {
          "color": "#2F2C23",
          "fontFamily": "MontserratMedium",
          "fontSize": 18,
          "marginVertical": 10,
        }
      }
    >
      
    </Text>
    <View
      style={
        Object {
          "flexDirection": "row",
          "padding": 10,
        }
      }
    >
      <Text
        style={
          Object {
            "fontFamily": "MontserratMedium",
            "paddingHorizontal": 10,
          }
        }
      >
        
      </Text>
      <Text
        style={
          Object {
            "fontFamily": "MontserratMedium",
            "paddingHorizontal": 10,
          }
        }
      >
        
      </Text>
    </View>
    <View
      style={
        Object {
          "alignItems": "center",
          "backgroundColor": "#ffffff",
          "borderRadius": 5,
          "elevation": 5,
          "height": 250,
          "padding": 10,
          "shadowColor": "#000",
          "shadowOffset": Object {
            "height": 2,
            "width": 0,
          },
          "shadowOpacity": 0.25,
          "shadowRadius": 4,
          "width": 250,
        }
      }
    >
      <View
        accessibilityIgnoresInvertColors={true}
        style={
          Object {
            "height": "100%",
            "resizeMode": "contain",
            "width": "100%",
          }
        }
      >
        <Image
          source={
            Object {
              "uri": "data:image/jpg;base64,",
            }
          }
          style={
            Array [
              Object {
                "bottom": 0,
                "left": 0,
                "position": "absolute",
                "right": 0,
                "top": 0,
              },
              Object {
                "height": "100%",
                "width": "100%",
              },
              undefined,
            ]
          }
        />
      </View>
    </View>
    <View
      style={
        Object {
          "justifyContent": "flex-start",
          "width": 250,
        }
      }
    >
      <Text />
      <Text
        style={
          Object {
            "fontFamily": "OpenSansBold",
            "paddingHorizontal": 10,
          }
        }
      >
        Seller:   
      </Text>
      <Text
        style={
          Object {
            "fontFamily": "OpenSansBold",
            "paddingHorizontal": 10,
          }
        }
      >
        Price:   
        100
         €
      </Text>
      <Text />
      <Text
        style={
          Object {
            "fontFamily": "MontserratMedium",
            "paddingHorizontal": 10,
          }
        }
      >
        
      </Text>
      <Text />
    </View>
    <View
      style={
        Object {
          "width": "100%",
        }
      }
    >
      <View
        accessibilityRole="button"
        accessibilityState={Object {}}
        accessible={true}
        focusable={true}
        onClick={[Function]}
        onResponderGrant={[Function]}
        onResponderMove={[Function]}
        onResponderRelease={[Function]}
        onResponderTerminate={[Function]}
        onResponderTerminationRequest={[Function]}
        onStartShouldSetResponder={[Function]}
        style={
          Object {
            "opacity": 1,
          }
        }
        testID="BuyProduct"
      >
        <View
          style={
            Array [
              Object {},
            ]
          }
        >
          <Text
            style={
              Array [
                Object {
                  "color": "#007AFF",
                  "fontSize": 18,
                  "margin": 8,
                  "textAlign": "center",
                },
                Object {
                  "color": "#FF988F",
                },
              ]
            }
          >
            Buy Product
          </Text>
        </View>
      </View>
    </View>
  </View>
</View>
`;

exports[`Given a Detail function When we invoke Detail function Then the render should match its snaptshot 1`] = `
<View
  style={
    Array [
      Object {
        "alignItems": "center",
        "flex": 1,
        "height": "100%",
        "justifyContent": "center",
        "padding": 25,
        "width": "100%",
      },
      Object {
        "backgroundColor": "#f7f7f7",
      },
    ]
  }
>
  <View
    style={
      Object {
        "alignItems": "center",
        "height": "100%",
        "justifyContent": "space-between",
        "padding": 50,
        "width": "100%",
      }
    }
  >
    <Text
      style={
        Object {
          "color": "#2F2C23",
          "fontFamily": "MontserratMedium",
          "fontSize": 18,
          "marginVertical": 10,
        }
      }
    >
      
    </Text>
    <View
      style={
        Object {
          "flexDirection": "row",
          "padding": 10,
        }
      }
    >
      <Text
        style={
          Object {
            "fontFamily": "MontserratMedium",
            "paddingHorizontal": 10,
          }
        }
      >
        
      </Text>
      <Text
        style={
          Object {
            "fontFamily": "MontserratMedium",
            "paddingHorizontal": 10,
          }
        }
      >
        
      </Text>
    </View>
    <View
      style={
        Object {
          "alignItems": "center",
          "backgroundColor": "#ffffff",
          "borderRadius": 5,
          "elevation": 5,
          "height": 250,
          "padding": 10,
          "shadowColor": "#000",
          "shadowOffset": Object {
            "height": 2,
            "width": 0,
          },
          "shadowOpacity": 0.25,
          "shadowRadius": 4,
          "width": 250,
        }
      }
    >
      <View
        accessibilityIgnoresInvertColors={true}
        style={
          Object {
            "height": "100%",
            "resizeMode": "contain",
            "width": "100%",
          }
        }
      >
        <Image
          source={
            Object {
              "uri": "data:image/jpg;base64,",
            }
          }
          style={
            Array [
              Object {
                "bottom": 0,
                "left": 0,
                "position": "absolute",
                "right": 0,
                "top": 0,
              },
              Object {
                "height": "100%",
                "width": "100%",
              },
              undefined,
            ]
          }
        />
      </View>
    </View>
    <View
      style={
        Object {
          "justifyContent": "flex-start",
          "width": 250,
        }
      }
    >
      <Text />
      <Text
        style={
          Object {
            "fontFamily": "OpenSansBold",
            "paddingHorizontal": 10,
          }
        }
      >
        Seller:   
      </Text>
      <Text
        style={
          Object {
            "fontFamily": "OpenSansBold",
            "paddingHorizontal": 10,
          }
        }
      >
        Price:   
        100
         €
      </Text>
      <Text />
      <Text
        style={
          Object {
            "fontFamily": "MontserratMedium",
            "paddingHorizontal": 10,
          }
        }
      >
        
      </Text>
      <Text />
    </View>
    <View
      style={
        Object {
          "width": "100%",
        }
      }
    >
      <View
        accessibilityRole="button"
        accessibilityState={Object {}}
        accessible={true}
        focusable={true}
        onClick={[Function]}
        onResponderGrant={[Function]}
        onResponderMove={[Function]}
        onResponderRelease={[Function]}
        onResponderTerminate={[Function]}
        onResponderTerminationRequest={[Function]}
        onStartShouldSetResponder={[Function]}
        style={
          Object {
            "opacity": 1,
          }
        }
        testID="BuyProduct"
      >
        <View
          style={
            Array [
              Object {},
            ]
          }
        >
          <Text
            style={
              Array [
                Object {
                  "color": "#007AFF",
                  "fontSize": 18,
                  "margin": 8,
                  "textAlign": "center",
                },
                Object {
                  "color": "#FF988F",
                },
              ]
            }
          >
            Buy Product
          </Text>
        </View>
      </View>
    </View>
  </View>
</View>
`;
